
====================================================================================================
 SYNTHETIC, clean CAD meshes
====================================================================================================
object               joint |   with hint: dir° / pos mm           mode |   no hint: dir° / pos mm         mode
----------------------------------------------------------------------------------------------------
cabinet_door      revolute |       0.00 /      0.7  PASS face+side-hint |       0.12 /      4.0  face-nohint
gate_post         revolute |       0.00 /      4.5  PASS           line |       0.35 /      4.3         line
laptop            revolute |       0.00 /      7.1  fail           line |       0.05 /      6.9         line
drawer           prismatic |       0.00 /      1.8  PASS prismatic+hint |       9.53 /      1.3    prismatic
box_lid           revolute |       0.00 /      0.2  PASS face+side-hint |      86.97 /      0.1  face-nohint
----------------------------------------------------------------------------------------------------
  PASS 4/5  (criteria: direction < 2 deg, position < 5 mm; prismatic: direction only)

====================================================================================================
 SYNTHETIC, perturbed (0.7 mm vertex noise, 2% faces dropped -> non-watertight)
====================================================================================================
object               joint |   with hint: dir° / pos mm           mode |   no hint: dir° / pos mm         mode
----------------------------------------------------------------------------------------------------
cabinet_door      revolute |       0.00 /      2.0  PASS face+side-hint |       1.06 /      1.6  face-nohint
gate_post         revolute |       0.00 /      4.3  PASS           line |       0.06 /      2.5         line
laptop            revolute |       0.00 /      7.0  fail           line |       0.13 /      7.0         line
drawer           prismatic |       0.00 /      0.5  PASS prismatic+hint |       1.27 /      0.3    prismatic
box_lid           revolute |       0.00 /      1.1  PASS face+side-hint |      89.87 /      0.1  face-nohint
----------------------------------------------------------------------------------------------------
  PASS 4/5  (criteria: direction < 2 deg, position < 5 mm; prismatic: direction only)

====================================================================================================
 SYNTHETIC written to URDF+OBJ and RELOADED through the PartNet loader (loader check)
====================================================================================================
object               joint |   with hint: dir° / pos mm           mode |   no hint: dir° / pos mm         mode
----------------------------------------------------------------------------------------------------
cabinet_door      revolute |       0.00 /      0.7  PASS face+side-hint |       0.12 /      4.0  face-nohint
gate_post         revolute |       0.00 /      4.5  PASS           line |       0.35 /      4.3         line
laptop            revolute |       0.00 /      7.1  fail           line |       0.05 /      6.9         line
drawer           prismatic |       0.00 /      1.8  PASS prismatic+hint |       9.53 /      1.3    prismatic
box_lid           revolute |       0.00 /      0.2  PASS face+side-hint |      86.97 /      0.1  face-nohint
----------------------------------------------------------------------------------------------------
  PASS 4/5  (criteria: direction < 2 deg, position < 5 mm; prismatic: direction only)

URDFs written to /home/kneepolean/shubhj/R2S/results/axis_test/<object>/mobility.urdf  -- run --partnet on real PartNet-Mobility dirs with the same code.
