
####################################################################################################
 CLEAN
####################################################################################################
object                   conv  gtres   cond |  LS: m% CoM mm     I%  hold |  SDP: m% CoM mm     I%  hold
----------------------------------------------------------------------------------------------------
Adjustable_Wrench              4e-02   36.3 |    0.30    2.7  454.6 0.753 |     0.30    2.3  146.6 0.388
Allen_Key                      3e-02   56.8 |    0.19    4.3  542.6 0.402 |     0.19    3.8  223.3 0.273
Bent_Jaw_Pliers                4e-02   44.3 |    0.18    4.2  727.0 0.087 |     0.18    3.7  381.8 0.083
Box_Wrench                     2e-02   91.2 |    0.03    0.9  224.6 0.109 |     0.03    0.8  104.4 0.260
C_Clamp                        4e-01   27.4 |    5.13  113.7 2000.6 2.460 |     5.12  112.6  863.1 2.667
Clamp                          7e-02   11.3 |    0.27   41.8 1223.9 0.301 |     0.29   38.8  629.3 0.271
Electronic_Caliper             5e-01    6.9 |   18.29  388.3 6357.845.098 |    18.06  362.2 5636.942.630
File                           4e-02   23.6 |    0.01    2.7  417.2 1.050 |     0.01    2.9   92.7 0.823
Hacksaw                        4e-02   39.8 |    0.18    1.8  106.7 0.226 |     0.18    1.5   94.2 0.244
Hammer                         8e-02   25.0 |    0.50   15.3  797.8 6.653 |     0.50   15.4  437.0 4.634
Machinist_Hammer               5e-01    6.0 |    8.34  203.0 1302.0 7.374 |     8.36  201.6 1560.8 6.323
Measuring_Tape                 5e-01    6.2 |    4.80  304.129202.625.212 |     5.01  293.917708.015.266
Nut_Screwdriver                2e-02  129.0 |    0.09    2.9  299.8 1.821 |     0.09    2.8   99.0 1.231
Pliers                         2e-01   14.7 |    1.68   37.3 1212.9 0.655 |     1.70   33.2  702.1 0.671
Rubber_Mallet                  7e-02   22.0 |    0.16    5.9  881.2 2.750 |     0.16    7.2  100.0 1.190
Ruler                          7e-02   32.1 |    0.46   10.1 2268.3 3.233 |     0.46    9.4  481.6 4.181
Screwdriver                    3e-02   27.3 |    0.03    2.0  283.461.916 |     0.03    2.1   85.838.256
Socket_Wrench                  7e-02   11.0 |    0.42   28.0  773.6 2.257 |     0.43   26.3  485.5 2.119
Vise_Clamp                     3e-02   37.8 |    0.17    0.9  429.4 0.078 |     0.17    1.0  101.4 0.071
Vise_Grip                      1e-01   45.4 |    0.17   43.4 3688.0 1.768 |     0.24   39.5  186.1 0.961
  LS   median: mass 0.23%  CoM 8.0 mm  I 785.7%   | mass<=5% on 17/20  I<=10% on 0/20   | mean cond 34.7
  SDP  median: mass 0.27%  CoM 8.3 mm  I 302.5%   | mass<=5% on 16/20  I<=10% on 0/20   | mean cond 34.7

  excitation sweep (LS, gentlest q% of train samples by |acc|), medians over objects:
    q%     n  |acc|max     cond   mass%  CoM mm      I%
   100   700      2.51     27.3    0.23     8.0   785.7
    50   350      1.12     44.4    0.33     4.4   623.8
    25   175      0.58    124.7    0.12     2.1  1462.2
    10    70      0.39    191.0    0.16     1.1  1521.5

####################################################################################################
 NOISY  (F/T noise 0.3 N / 0.005 Nm)
####################################################################################################
object                   conv  gtres   cond |  LS: m% CoM mm     I%  hold |  SDP: m% CoM mm     I%  hold
----------------------------------------------------------------------------------------------------
Adjustable_Wrench              4e-02   36.3 |    0.35    2.5  454.1 0.683 |     0.35    2.2  142.9 0.380
Allen_Key                      3e-02   56.8 |    0.82    5.1  591.1 0.687 |     0.82    4.6  328.9 0.644
Bent_Jaw_Pliers                4e-02   44.3 |    0.01    4.6  691.1 0.241 |     0.01    4.1  506.7 0.241
Box_Wrench                     2e-02   91.2 |    0.15    2.7  445.9 0.590 |     0.15    2.4  229.2 0.591
C_Clamp                        4e-01   27.4 |    5.07  115.3 1990.8 2.400 |     5.06  114.3  912.3 2.590
Clamp                          7e-02   11.3 |    0.39   42.1 1224.9 0.394 |     0.40   39.3  667.8 0.366
Electronic_Caliper             5e-01    6.9 |   18.15  385.6 6281.012.898 |    17.93  360.4 5616.112.216
File                           4e-02   23.6 |   13.41   16.4 2253.5 0.859 |    13.41   14.7   71.8 0.853
Hacksaw                        4e-02   39.8 |    0.38    1.2  102.6 0.277 |     0.38    1.0   95.1 0.296
Hammer                         8e-02   25.0 |    0.67   15.4  798.2 3.159 |     0.67   15.4  435.1 2.234
Machinist_Hammer               5e-01    6.0 |    8.10  205.2 1313.5 3.538 |     8.13  203.7 1573.7 3.099
Measuring_Tape                 5e-01    6.2 |    6.11  297.428292.6 7.334 |     6.32  287.617531.8 6.067
Nut_Screwdriver                2e-02  129.0 |    0.84    5.4  428.5 0.734 |     0.84    5.4   86.2 0.739
Pliers                         2e-01   14.7 |    1.57   37.4 1207.5 0.678 |     1.59   33.4  699.1 0.693
Rubber_Mallet                  7e-02   22.0 |    0.14    6.8  876.7 0.492 |     0.14    7.9  100.0 0.441
Ruler                          7e-02   32.1 |    9.65   94.0 6252.1 1.052 |     9.61   87.2 5051.5 1.064
Screwdriver                    3e-02   27.3 |    1.87   10.0  790.8 0.865 |     1.87    9.4  235.4 0.869
Socket_Wrench                  7e-02   11.0 |    0.57   29.1  827.8 1.657 |     0.59   27.2  503.0 1.550
Vise_Clamp                     3e-02   37.8 |    0.74    3.2  718.3 0.298 |     0.74    2.9  470.3 0.294
Vise_Grip                      1e-01   45.4 |    0.43   44.2 3720.7 1.639 |     0.36   40.0  127.2 0.926
  LS   median: mass 0.78%  CoM 15.9 mm  I 852.3%   | mass<=5% on 14/20  I<=10% on 0/20   | mean cond 34.7
  SDP  median: mass 0.78%  CoM 15.0 mm  I 452.7%   | mass<=5% on 14/20  I<=10% on 0/20   | mean cond 34.7

  excitation sweep (LS, gentlest q% of train samples by |acc|), medians over objects:
    q%     n  |acc|max     cond   mass%  CoM mm      I%
   100   700      2.51     27.3    0.78    15.9   852.3
    50   350      1.12     44.4    0.72     6.9  1291.6
    25   175      0.58    124.7    1.20     6.7  3329.7
    10    70      0.39    191.0    0.98     3.6  4271.7

saved -> results/utias_gentle_motion.json
