object              mass kg |  m(a-g) N h-terms N |   CoM Nm inertia Nm I / noise I share %
--------------------------------------------------------------------------------------------
Adjustable_Wrench     0.719 |     7.055    0.1364 |   0.8194    0.02266      4.53      2.76
Allen_Key             0.128 |     1.257    0.0039 |   0.0293    0.00046      0.09      1.58
Bent_Jaw_Pliers       0.255 |     2.504    0.0213 |   0.1039    0.00117      0.23      1.13
Box_Wrench            0.206 |     2.024    0.0069 |   0.0529    0.00082      0.16      1.55
C_Clamp               0.598 |     6.156    0.5806 |   0.3066    0.01917      3.83      6.25
Clamp                 0.340 |     3.327    0.1225 |   0.2913    0.01456      2.91      4.98
Electronic_Caliper    0.174 |     1.926    0.1403 |   0.1526    0.00747      1.49      4.88
File                  0.020 |     0.196    0.0020 |   0.0127    0.00017      0.03      1.35
Hacksaw               0.658 |     6.455    0.0409 |   0.2115    0.01538      3.08      7.16
Hammer                0.690 |     6.766    0.1466 |   0.9043    0.02576      5.15      2.84
Machinist_Hammer      0.133 |     1.375    0.1602 |   0.1760    0.01710      3.42      9.65
Measuring_Tape        0.136 |     1.419    0.0426 |   0.0279    0.00130      0.26      4.55
Nut_Screwdriver       0.081 |     0.798    0.0068 |   0.0365    0.00079      0.16      2.17
Pliers                0.633 |     6.304    0.1838 |   0.4077    0.01995      3.99      4.87
Rubber_Mallet         0.237 |     2.327    0.0481 |   0.2829    0.00826      1.65      2.91
Ruler                 0.009 |     0.086    0.0008 |   0.0046    0.00006      0.01      1.40
Screwdriver           0.030 |     0.299    0.0019 |   0.0116    0.00016      0.03      1.39
Socket_Wrench         0.356 |     3.486    0.0948 |   0.2656    0.01134      2.27      4.26
Vise_Clamp            0.225 |     2.205    0.0283 |   0.1543    0.00274      0.55      1.77
Vise_Grip             0.387 |     3.772    0.1380 |   0.1875    0.00606      1.21      3.24
--------------------------------------------------------------------------------------------
median: gravity force 2.27 N = 8x force noise | CoM torque 0.165 N m = 33x torque noise | inertia torque 0.00676 N m = 1.35x torque noise (2.9% of the torque signal)

saved -> results/utias_signal_budget.json
