object               massmaterials |     CAD mesh, uniform density      | vision recon mesh, uniform
                               |  I Frob%  princ. mom err%  CoM mm |   princ. mom err%  gyr
-----------------------------------------------------------------------------------------------
Adjustable Wrench   0.719    2 |     0.1%          [0 0 0]     0.0 |        [13 10 10] 0.59
Allen Key           0.128    1 |     0.0%          [0 0 0]     0.0 |        [25  5  5] 0.62
Bent Jaw Pliers     0.255    1 |     0.1%          [0 0 0]     0.0 |           [6 4 0] 0.59
Box Wrench          0.206    1 |     0.0%          [0 0 0]     0.1 |        [11  2  2] 0.63
C Clamp             0.598    1 |     0.4%          [0 0 0]     0.2 |           [1 4 4] 0.68
Clamp               0.340    4 |    19.1%          [6 0 1]    30.7 |        [11  4  1] 0.64
Electronic Caliper  0.174    5 |    31.9%       [ 4 32 32]     1.9 |        [74 11 12] 0.48
File                0.020    2 |    29.6%       [48 30 30]    51.2 |     [158   2   2] 0.57
Hacksaw             0.658    6 |    17.7%       [33 16 11]   110.9 |           [5 8 6] 0.63
Hammer              0.690    3 |    13.8%       [49 16 11]    70.4 |        [24  8  4] 0.65
Machinist Hammer    0.133    2 |    30.5%       [67 34 27]    79.1 |        [46 27 21] 0.64
Measuring Tape      0.136    1 |     0.0%          [0 0 0]     0.0 |        [34 30 22] 0.74
Nut Screwdriver     0.081    2 |    48.6%       [52 49 49]    42.9 |     [166  21  21] 0.55
Pliers              0.633    2 |     0.0%          [0 0 0]     0.0 |        [ 0 11  9] 0.54
Rubber Mallet       0.237    2 |    19.6%       [17 21 18]    19.1 |        [ 0 20 17] 0.64
Ruler               0.009    1 |     0.0%          [0 0 0]     0.0 |        [42  5  5] 0.56
Screwdriver         0.030    2 |    50.3%       [46 50 50]    27.1 |     [183  17  17] 0.49
Socket Wrench       0.356    5 |     0.1%          [0 0 0]     0.1 |        [58  8  7] 0.62
Vise Clamp          0.225    2 |     8.4%       [ 7 10  7]     7.1 |        [15  8  2] 0.60
Vise Grip           0.387    6 |     0.1%          [0 0 0]     0.0 |        [34  0  2] 0.53
-----------------------------------------------------------------------------------------------
MEDIAN                         |     4.4%               1%     1.0 |               12%
MEAN                           |    13.5%              14%    22.0 |               21%
WORST                          |    50.3%              50%   110.9 |               72%

single-material objects (n=6): median I Frob err 0.0%, CoM 0.0 mm
multi-material objects  (n=14): median I Frob err 18.4%, CoM 23.1 mm
